Listening on :8765; batches -> C:\Users\35552\Desktop\trae projects\insta\AcePro2-Handoff-0.7.1-20260922\runtime\received_batches
CHUNKS 131072/893131 completed=False
CHUNKS 262144/893131 completed=False
CHUNKS 393216/893131 completed=False
CHUNKS 524288/893131 completed=False
CHUNKS 655360/893131 completed=False
CHUNKS 786432/893131 completed=False
RECEIVED C:\Users\35552\Desktop\trae projects\insta\AcePro2-Handoff-0.7.1-20260922\runtime\received_batches\batch-or7adcc4 (10 frames)
CHUNKS 893131/893131 completed=True
ANALYZED C:\Users\35552\Desktop\trae projects\insta\AcePro2-Handoff-0.7.1-20260922\runtime\received_batches\batch-or7adcc4
CHUNKS 131072/2708095 completed=False
CHUNKS 262144/2708095 completed=False
CHUNKS 393216/2708095 completed=False
CHUNKS 524288/2708095 completed=False
CHUNKS 655360/2708095 completed=False
CHUNKS 786432/2708095 completed=False
CHUNKS 917504/2708095 completed=False
CHUNKS 1048576/2708095 completed=False
CHUNKS 1179648/2708095 completed=False
CHUNKS 1310720/2708095 completed=False
CHUNKS 1441792/2708095 completed=False
CHUNKS 1572864/2708095 completed=False
CHUNKS 1703936/2708095 completed=False
CHUNKS 1835008/2708095 completed=False
CHUNKS 1966080/2708095 completed=False
CHUNKS 2097152/2708095 completed=False
CHUNKS 2228224/2708095 completed=False
CHUNKS 2359296/2708095 completed=False
CHUNKS 2490368/2708095 completed=False
CHUNKS 2621440/2708095 completed=False
RECEIVED C:\Users\35552\Desktop\trae projects\insta\AcePro2-Handoff-0.7.1-20260922\runtime\received_batches\batch-3njo7kd1 (1 frames)
CHUNKS 2708095/2708095 completed=True
ANALYZED C:\Users\35552\Desktop\trae projects\insta\AcePro2-Handoff-0.7.1-20260922\runtime\received_batches\batch-3njo7kd1
CHUNKS 131072/1086254 completed=False
CHUNKS 262144/1086254 completed=False
CHUNKS 393216/1086254 completed=False
CHUNKS 524288/1086254 completed=False
CHUNKS 655360/1086254 completed=False
CHUNKS 786432/1086254 completed=False
CHUNKS 917504/1086254 completed=False
CHUNKS 1048576/1086254 completed=False
RECEIVED C:\Users\35552\Desktop\trae projects\insta\AcePro2-Handoff-0.7.1-20260922\runtime\received_batches\batch-_gyfs8xz (10 frames)
CHUNKS 1086254/1086254 completed=True
ANALYZED C:\Users\35552\Desktop\trae projects\insta\AcePro2-Handoff-0.7.1-20260922\runtime\received_batches\batch-_gyfs8xz
CHUNKS 131072/1094090 completed=False
CHUNKS 262144/1094090 completed=False
CHUNKS 393216/1094090 completed=False
CHUNKS 524288/1094090 completed=False
CHUNKS 655360/1094090 completed=False
CHUNKS 786432/1094090 completed=False
CHUNKS 917504/1094090 completed=False
CHUNKS 1048576/1094090 completed=False
RECEIVED C:\Users\35552\Desktop\trae projects\insta\AcePro2-Handoff-0.7.1-20260922\runtime\received_batches\batch-dn2xl8d0 (10 frames)
CHUNKS 1094090/1094090 completed=True
ANALYZED C:\Users\35552\Desktop\trae projects\insta\AcePro2-Handoff-0.7.1-20260922\runtime\received_batches\batch-dn2xl8d0
CHUNKS 131072/2180967 completed=False
CHUNKS 262144/2180967 completed=False
CHUNKS 393216/2180967 completed=False
CHUNKS 524288/2180967 completed=False
CHUNKS 655360/2180967 completed=False
CHUNKS 786432/2180967 completed=False
CHUNKS 917504/2180967 completed=False
CHUNKS 1048576/2180967 completed=False
CHUNKS 1179648/2180967 completed=False
CHUNKS 1310720/2180967 completed=False
CHUNKS 1441792/2180967 completed=False
CHUNKS 1572864/2180967 completed=False
CHUNKS 1703936/2180967 completed=False
CHUNKS 1835008/2180967 completed=False
CHUNKS 1966080/2180967 completed=False
CHUNKS 2097152/2180967 completed=False
RECEIVED C:\Users\35552\Desktop\trae projects\insta\AcePro2-Handoff-0.7.1-20260922\runtime\received_batches\batch-78d5gmvz (1 frames)
CHUNKS 2180967/2180967 completed=True
ANALYZED C:\Users\35552\Desktop\trae projects\insta\AcePro2-Handoff-0.7.1-20260922\runtime\received_batches\batch-78d5gmvz
CHUNKS 131072/2162013 completed=False
CHUNKS 262144/2162013 completed=False
CHUNKS 393216/2162013 completed=False
CHUNKS 524288/2162013 completed=False
CHUNKS 655360/2162013 completed=False
CHUNKS 786432/2162013 completed=False
CHUNKS 917504/2162013 completed=False
CHUNKS 1048576/2162013 completed=False
CHUNKS 1179648/2162013 completed=False
CHUNKS 1310720/2162013 completed=False
CHUNKS 1441792/2162013 completed=False
CHUNKS 1572864/2162013 completed=False
CHUNKS 1703936/2162013 completed=False
CHUNKS 1835008/2162013 completed=False
CHUNKS 1966080/2162013 completed=False
CHUNKS 2097152/2162013 completed=False
RECEIVED C:\Users\35552\Desktop\trae projects\insta\AcePro2-Handoff-0.7.1-20260922\runtime\received_batches\batch-ckz8fbnz (1 frames)
CHUNKS 2162013/2162013 completed=True
ANALYZED C:\Users\35552\Desktop\trae projects\insta\AcePro2-Handoff-0.7.1-20260922\runtime\received_batches\batch-ckz8fbnz
CHUNKS 131072/2153941 completed=False
CHUNKS 262144/2153941 completed=False
CHUNKS 393216/2153941 completed=False
CHUNKS 524288/2153941 completed=False
CHUNKS 655360/2153941 completed=False
CHUNKS 786432/2153941 completed=False
CHUNKS 917504/2153941 completed=False
CHUNKS 1048576/2153941 completed=False
CHUNKS 1179648/2153941 completed=False
CHUNKS 1310720/2153941 completed=False
CHUNKS 1441792/2153941 completed=False
CHUNKS 1572864/2153941 completed=False
CHUNKS 1703936/2153941 completed=False
CHUNKS 1835008/2153941 completed=False
CHUNKS 1966080/2153941 completed=False
CHUNKS 2097152/2153941 completed=False
RECEIVED C:\Users\35552\Desktop\trae projects\insta\AcePro2-Handoff-0.7.1-20260922\runtime\received_batches\batch-icxh9vqa (1 frames)
CHUNKS 2153941/2153941 completed=True
ANALYZED C:\Users\35552\Desktop\trae projects\insta\AcePro2-Handoff-0.7.1-20260922\runtime\received_batches\batch-icxh9vqa
CHUNKS 131072/2178028 completed=False
CHUNKS 262144/2178028 completed=False
CHUNKS 393216/2178028 completed=False
CHUNKS 524288/2178028 completed=False
CHUNKS 655360/2178028 completed=False
CHUNKS 786432/2178028 completed=False
CHUNKS 917504/2178028 completed=False
CHUNKS 1048576/2178028 completed=False
CHUNKS 1179648/2178028 completed=False
CHUNKS 1310720/2178028 completed=False
CHUNKS 1441792/2178028 completed=False
CHUNKS 1572864/2178028 completed=False
CHUNKS 1703936/2178028 completed=False
CHUNKS 1835008/2178028 completed=False
CHUNKS 1966080/2178028 completed=False
CHUNKS 2097152/2178028 completed=False
RECEIVED C:\Users\35552\Desktop\trae projects\insta\AcePro2-Handoff-0.7.1-20260922\runtime\received_batches\batch-9lg2al3a (1 frames)
CHUNKS 2178028/2178028 completed=True
ANALYZED C:\Users\35552\Desktop\trae projects\insta\AcePro2-Handoff-0.7.1-20260922\runtime\received_batches\batch-9lg2al3a
CHUNKS 131072/2129749 completed=False
CHUNKS 262144/2129749 completed=False
CHUNKS 393216/2129749 completed=False
CHUNKS 524288/2129749 completed=False
CHUNKS 655360/2129749 completed=False
CHUNKS 786432/2129749 completed=False
CHUNKS 917504/2129749 completed=False
CHUNKS 1048576/2129749 completed=False
CHUNKS 1179648/2129749 completed=False
CHUNKS 1310720/2129749 completed=False
CHUNKS 1441792/2129749 completed=False
CHUNKS 1572864/2129749 completed=False
CHUNKS 1703936/2129749 completed=False
CHUNKS 1835008/2129749 completed=False
CHUNKS 1966080/2129749 completed=False
CHUNKS 2097152/2129749 completed=False
RECEIVED C:\Users\35552\Desktop\trae projects\insta\AcePro2-Handoff-0.7.1-20260922\runtime\received_batches\batch-p8v8dmbe (1 frames)
CHUNKS 2129749/2129749 completed=True
ANALYZED C:\Users\35552\Desktop\trae projects\insta\AcePro2-Handoff-0.7.1-20260922\runtime\received_batches\batch-p8v8dmbe
CHUNKS 131072/1458765 completed=False
CHUNKS 262144/1458765 completed=False
CHUNKS 393216/1458765 completed=False
CHUNKS 524288/1458765 completed=False
CHUNKS 655360/1458765 completed=False
CHUNKS 786432/1458765 completed=False
CHUNKS 917504/1458765 completed=False
CHUNKS 1048576/1458765 completed=False
CHUNKS 1179648/1458765 completed=False
CHUNKS 1310720/1458765 completed=False
CHUNKS 1441792/1458765 completed=False
RECEIVED C:\Users\35552\Desktop\trae projects\insta\AcePro2-Handoff-0.7.1-20260922\runtime\received_batches\batch-krf0j3e5 (10 frames)
CHUNKS 1458765/1458765 completed=True
ANALYZED C:\Users\35552\Desktop\trae projects\insta\AcePro2-Handoff-0.7.1-20260922\runtime\received_batches\batch-krf0j3e5
CHUNKS 131072/1467518 completed=False
CHUNKS 262144/1467518 completed=False
CHUNKS 393216/1467518 completed=False
CHUNKS 524288/1467518 completed=False
CHUNKS 655360/1467518 completed=False
CHUNKS 786432/1467518 completed=False
CHUNKS 917504/1467518 completed=False
CHUNKS 1048576/1467518 completed=False
CHUNKS 1179648/1467518 completed=False
CHUNKS 1310720/1467518 completed=False
CHUNKS 1441792/1467518 completed=False
RECEIVED C:\Users\35552\Desktop\trae projects\insta\AcePro2-Handoff-0.7.1-20260922\runtime\received_batches\batch-xp_olw8i (10 frames)
CHUNKS 1467518/1467518 completed=True
ANALYZED C:\Users\35552\Desktop\trae projects\insta\AcePro2-Handoff-0.7.1-20260922\runtime\received_batches\batch-xp_olw8i
CHUNKS 131072/2267654 completed=False
CHUNKS 262144/2267654 completed=False
CHUNKS 393216/2267654 completed=False
CHUNKS 524288/2267654 completed=False
CHUNKS 655360/2267654 completed=False
CHUNKS 786432/2267654 completed=False
CHUNKS 917504/2267654 completed=False
CHUNKS 1048576/2267654 completed=False
CHUNKS 1179648/2267654 completed=False
CHUNKS 1310720/2267654 completed=False
CHUNKS 1441792/2267654 completed=False
CHUNKS 1572864/2267654 completed=False
CHUNKS 1703936/2267654 completed=False
CHUNKS 1835008/2267654 completed=False
CHUNKS 1966080/2267654 completed=False
CHUNKS 2097152/2267654 completed=False
CHUNKS 2228224/2267654 completed=False
RECEIVED C:\Users\35552\Desktop\trae projects\insta\AcePro2-Handoff-0.7.1-20260922\runtime\received_batches\batch-amubgg99 (1 frames)
CHUNKS 2267654/2267654 completed=True
ANALYZED C:\Users\35552\Desktop\trae projects\insta\AcePro2-Handoff-0.7.1-20260922\runtime\received_batches\batch-amubgg99
CHUNKS 131072/1248804 completed=False
CHUNKS 262144/1248804 completed=False
CHUNKS 393216/1248804 completed=False
CHUNKS 524288/1248804 completed=False
CHUNKS 655360/1248804 completed=False
CHUNKS 786432/1248804 completed=False
CHUNKS 917504/1248804 completed=False
CHUNKS 1048576/1248804 completed=False
CHUNKS 1179648/1248804 completed=False
RECEIVED C:\Users\35552\Desktop\trae projects\insta\AcePro2-Handoff-0.7.1-20260922\runtime\received_batches\batch-uxi3qcn3 (10 frames)
CHUNKS 1248804/1248804 completed=True
ANALYZED C:\Users\35552\Desktop\trae projects\insta\AcePro2-Handoff-0.7.1-20260922\runtime\received_batches\batch-uxi3qcn3
CHUNKS 131072/1285194 completed=False
CHUNKS 262144/1285194 completed=False
CHUNKS 393216/1285194 completed=False
CHUNKS 524288/1285194 completed=False
CHUNKS 655360/1285194 completed=False
CHUNKS 786432/1285194 completed=False
CHUNKS 917504/1285194 completed=False
CHUNKS 1048576/1285194 completed=False
CHUNKS 1179648/1285194 completed=False
RECEIVED C:\Users\35552\Desktop\trae projects\insta\AcePro2-Handoff-0.7.1-20260922\runtime\received_batches\batch-i6q9bi6t (10 frames)
CHUNKS 1285194/1285194 completed=True
ANALYZED C:\Users\35552\Desktop\trae projects\insta\AcePro2-Handoff-0.7.1-20260922\runtime\received_batches\batch-i6q9bi6t
CHUNKS 131072/2181070 completed=False
CHUNKS 262144/2181070 completed=False
CHUNKS 393216/2181070 completed=False
CHUNKS 524288/2181070 completed=False
CHUNKS 655360/2181070 completed=False
CHUNKS 786432/2181070 completed=False
CHUNKS 917504/2181070 completed=False
CHUNKS 1048576/2181070 completed=False
CHUNKS 1179648/2181070 completed=False
CHUNKS 1310720/2181070 completed=False
CHUNKS 1441792/2181070 completed=False
CHUNKS 1572864/2181070 completed=False
CHUNKS 1703936/2181070 completed=False
CHUNKS 1835008/2181070 completed=False
CHUNKS 1966080/2181070 completed=False
CHUNKS 2097152/2181070 completed=False
RECEIVED C:\Users\35552\Desktop\trae projects\insta\AcePro2-Handoff-0.7.1-20260922\runtime\received_batches\batch-p2doabmc (1 frames)
CHUNKS 2181070/2181070 completed=True
ANALYZED C:\Users\35552\Desktop\trae projects\insta\AcePro2-Handoff-0.7.1-20260922\runtime\received_batches\batch-p2doabmc
