Listening on :8765; batches -> C:\Users\35552\Desktop\trae projects\insta\AcePro2-Handoff-0.7.1-20260922\runtime\received_batches
CHUNKS 131072/1586309 completed=False
CHUNKS 262144/1586309 completed=False
CHUNKS 393216/1586309 completed=False
CHUNKS 524288/1586309 completed=False
CHUNKS 655360/1586309 completed=False
CHUNKS 786432/1586309 completed=False
CHUNKS 917504/1586309 completed=False
CHUNKS 1048576/1586309 completed=False
CHUNKS 1179648/1586309 completed=False
CHUNKS 1310720/1586309 completed=False
CHUNKS 1441792/1586309 completed=False
CHUNKS 1572864/1586309 completed=False
CHUNK FAILED PermissionError: [WinError 5] ¾Ü¾ø·ÃÎÊ¡£: 'C:\\Users\\35552\\Desktop\\trae projects\\insta\\AcePro2-Handoff-0.7.1-20260922\\runtime\\received_batches\\.pending-o6o_wajk' -> 'C:\\Users\\35552\\Desktop\\trae projects\\insta\\AcePro2-Handoff-0.7.1-20260922\\runtime\\received_batches\\batch-o6o_wajk'
CHUNKS 131072/3457433 completed=False
CHUNKS 262144/3457433 completed=False
CHUNKS 393216/3457433 completed=False
CHUNKS 524288/3457433 completed=False
CHUNKS 655360/3457433 completed=False
CHUNKS 786432/3457433 completed=False
CHUNKS 917504/3457433 completed=False
CHUNKS 1048576/3457433 completed=False
CHUNKS 1179648/3457433 completed=False
CHUNKS 1310720/3457433 completed=False
CHUNKS 1441792/3457433 completed=False
CHUNKS 1572864/3457433 completed=False
CHUNKS 1703936/3457433 completed=False
CHUNKS 1835008/3457433 completed=False
CHUNKS 1966080/3457433 completed=False
CHUNKS 2097152/3457433 completed=False
CHUNKS 2228224/3457433 completed=False
CHUNKS 2359296/3457433 completed=False
CHUNKS 2490368/3457433 completed=False
CHUNKS 2621440/3457433 completed=False
CHUNKS 2752512/3457433 completed=False
CHUNKS 2883584/3457433 completed=False
CHUNKS 3014656/3457433 completed=False
CHUNKS 3145728/3457433 completed=False
CHUNKS 3276800/3457433 completed=False
CHUNKS 3407872/3457433 completed=False
RECEIVED C:\Users\35552\Desktop\trae projects\insta\AcePro2-Handoff-0.7.1-20260922\runtime\received_batches\batch-xze7wmub (1 frames)
CHUNKS 3457433/3457433 completed=True
ANALYZED C:\Users\35552\Desktop\trae projects\insta\AcePro2-Handoff-0.7.1-20260922\runtime\received_batches\batch-xze7wmub
CHUNKS 131072/3425910 completed=False
CHUNKS 262144/3425910 completed=False
CHUNKS 393216/3425910 completed=False
CHUNKS 524288/3425910 completed=False
CHUNKS 655360/3425910 completed=False
CHUNKS 786432/3425910 completed=False
CHUNKS 917504/3425910 completed=False
CHUNKS 1048576/3425910 completed=False
CHUNKS 1179648/3425910 completed=False
CHUNKS 1310720/3425910 completed=False
CHUNKS 1441792/3425910 completed=False
CHUNKS 1572864/3425910 completed=False
CHUNKS 1703936/3425910 completed=False
CHUNKS 1835008/3425910 completed=False
CHUNKS 1966080/3425910 completed=False
CHUNKS 2097152/3425910 completed=False
CHUNKS 2228224/3425910 completed=False
CHUNKS 2359296/3425910 completed=False
CHUNKS 2490368/3425910 completed=False
CHUNKS 2621440/3425910 completed=False
CHUNKS 2752512/3425910 completed=False
CHUNKS 2883584/3425910 completed=False
CHUNKS 3014656/3425910 completed=False
CHUNKS 3145728/3425910 completed=False
CHUNKS 3276800/3425910 completed=False
CHUNKS 3407872/3425910 completed=False
RECEIVED C:\Users\35552\Desktop\trae projects\insta\AcePro2-Handoff-0.7.1-20260922\runtime\received_batches\batch-li4j989x (1 frames)
CHUNKS 3425910/3425910 completed=True
ANALYZED C:\Users\35552\Desktop\trae projects\insta\AcePro2-Handoff-0.7.1-20260922\runtime\received_batches\batch-li4j989x
CHUNKS 131072/3516926 completed=False
CHUNKS 262144/3516926 completed=False
CHUNKS 393216/3516926 completed=False
CHUNKS 524288/3516926 completed=False
CHUNKS 655360/3516926 completed=False
CHUNKS 786432/3516926 completed=False
CHUNKS 917504/3516926 completed=False
CHUNKS 1048576/3516926 completed=False
CHUNKS 1179648/3516926 completed=False
CHUNKS 1310720/3516926 completed=False
CHUNKS 1441792/3516926 completed=False
CHUNKS 1572864/3516926 completed=False
CHUNKS 1703936/3516926 completed=False
CHUNKS 1835008/3516926 completed=False
CHUNKS 1966080/3516926 completed=False
CHUNKS 2097152/3516926 completed=False
CHUNKS 2228224/3516926 completed=False
CHUNKS 2359296/3516926 completed=False
CHUNKS 2490368/3516926 completed=False
CHUNKS 2621440/3516926 completed=False
CHUNKS 2752512/3516926 completed=False
CHUNKS 2883584/3516926 completed=False
CHUNKS 3014656/3516926 completed=False
CHUNKS 3145728/3516926 completed=False
CHUNKS 3276800/3516926 completed=False
CHUNKS 3407872/3516926 completed=False
RECEIVED C:\Users\35552\Desktop\trae projects\insta\AcePro2-Handoff-0.7.1-20260922\runtime\received_batches\batch-f_8h_9lw (1 frames)
CHUNKS 3516926/3516926 completed=True
ANALYZED C:\Users\35552\Desktop\trae projects\insta\AcePro2-Handoff-0.7.1-20260922\runtime\received_batches\batch-f_8h_9lw
CHUNKS 131072/3905009 completed=False
CHUNKS 262144/3905009 completed=False
CHUNKS 393216/3905009 completed=False
CHUNKS 524288/3905009 completed=False
CHUNKS 655360/3905009 completed=False
CHUNKS 786432/3905009 completed=False
CHUNKS 917504/3905009 completed=False
CHUNKS 1048576/3905009 completed=False
CHUNKS 1179648/3905009 completed=False
CHUNKS 1310720/3905009 completed=False
CHUNKS 1441792/3905009 completed=False
CHUNKS 1572864/3905009 completed=False
CHUNKS 1703936/3905009 completed=False
CHUNKS 1835008/3905009 completed=False
CHUNKS 1966080/3905009 completed=False
CHUNKS 2097152/3905009 completed=False
CHUNKS 2228224/3905009 completed=False
CHUNKS 2359296/3905009 completed=False
CHUNKS 2490368/3905009 completed=False
CHUNKS 2621440/3905009 completed=False
CHUNKS 2752512/3905009 completed=False
CHUNKS 2883584/3905009 completed=False
CHUNKS 3014656/3905009 completed=False
CHUNKS 3145728/3905009 completed=False
CHUNKS 3276800/3905009 completed=False
CHUNKS 3407872/3905009 completed=False
CHUNKS 3538944/3905009 completed=False
CHUNKS 3670016/3905009 completed=False
CHUNKS 3801088/3905009 completed=False
RECEIVED C:\Users\35552\Desktop\trae projects\insta\AcePro2-Handoff-0.7.1-20260922\runtime\received_batches\batch-pvs4_goj (1 frames)
CHUNKS 3905009/3905009 completed=True
ANALYZED C:\Users\35552\Desktop\trae projects\insta\AcePro2-Handoff-0.7.1-20260922\runtime\received_batches\batch-pvs4_goj
CHUNKS 131072/4154846 completed=False
CHUNKS 262144/4154846 completed=False
CHUNKS 393216/4154846 completed=False
CHUNKS 524288/4154846 completed=False
CHUNKS 655360/4154846 completed=False
CHUNKS 786432/4154846 completed=False
CHUNKS 917504/4154846 completed=False
CHUNKS 1048576/4154846 completed=False
CHUNKS 1179648/4154846 completed=False
CHUNKS 1310720/4154846 completed=False
CHUNKS 1441792/4154846 completed=False
CHUNKS 1572864/4154846 completed=False
CHUNKS 1703936/4154846 completed=False
CHUNKS 1835008/4154846 completed=False
CHUNKS 1966080/4154846 completed=False
CHUNKS 2097152/4154846 completed=False
CHUNKS 2228224/4154846 completed=False
CHUNKS 2359296/4154846 completed=False
CHUNKS 2490368/4154846 completed=False
CHUNKS 2621440/4154846 completed=False
CHUNKS 2752512/4154846 completed=False
CHUNKS 2883584/4154846 completed=False
CHUNKS 3014656/4154846 completed=False
CHUNKS 3145728/4154846 completed=False
CHUNKS 3276800/4154846 completed=False
CHUNKS 3407872/4154846 completed=False
CHUNKS 3538944/4154846 completed=False
CHUNKS 3670016/4154846 completed=False
CHUNKS 3801088/4154846 completed=False
CHUNKS 3932160/4154846 completed=False
CHUNKS 4063232/4154846 completed=False
RECEIVED C:\Users\35552\Desktop\trae projects\insta\AcePro2-Handoff-0.7.1-20260922\runtime\received_batches\batch-0uzhbgyk (1 frames)
CHUNKS 4154846/4154846 completed=True
ANALYZED C:\Users\35552\Desktop\trae projects\insta\AcePro2-Handoff-0.7.1-20260922\runtime\received_batches\batch-0uzhbgyk
CHUNKS 131072/4775568 completed=False
CHUNKS 262144/4775568 completed=False
CHUNKS 393216/4775568 completed=False
CHUNKS 524288/4775568 completed=False
CHUNKS 655360/4775568 completed=False
CHUNKS 786432/4775568 completed=False
CHUNKS 917504/4775568 completed=False
CHUNKS 1048576/4775568 completed=False
CHUNKS 1179648/4775568 completed=False
CHUNKS 1310720/4775568 completed=False
CHUNKS 1441792/4775568 completed=False
CHUNKS 1572864/4775568 completed=False
CHUNKS 1703936/4775568 completed=False
CHUNKS 1835008/4775568 completed=False
CHUNKS 1966080/4775568 completed=False
CHUNKS 2097152/4775568 completed=False
CHUNKS 2228224/4775568 completed=False
CHUNKS 2359296/4775568 completed=False
CHUNKS 2490368/4775568 completed=False
CHUNKS 2621440/4775568 completed=False
CHUNKS 2752512/4775568 completed=False
CHUNKS 2883584/4775568 completed=False
CHUNKS 3014656/4775568 completed=False
CHUNKS 3145728/4775568 completed=False
CHUNKS 3276800/4775568 completed=False
CHUNKS 3407872/4775568 completed=False
CHUNKS 3538944/4775568 completed=False
CHUNKS 3670016/4775568 completed=False
CHUNKS 3801088/4775568 completed=False
CHUNKS 3932160/4775568 completed=False
CHUNKS 4063232/4775568 completed=False
CHUNKS 4194304/4775568 completed=False
CHUNKS 4325376/4775568 completed=False
CHUNKS 4456448/4775568 completed=False
CHUNKS 4587520/4775568 completed=False
CHUNKS 4718592/4775568 completed=False
RECEIVED C:\Users\35552\Desktop\trae projects\insta\AcePro2-Handoff-0.7.1-20260922\runtime\received_batches\batch-16apo4ud (1 frames)
CHUNKS 4775568/4775568 completed=True
ANALYZED C:\Users\35552\Desktop\trae projects\insta\AcePro2-Handoff-0.7.1-20260922\runtime\received_batches\batch-16apo4ud
CHUNKS 131072/3541311 completed=False
CHUNKS 262144/3541311 completed=False
CHUNKS 393216/3541311 completed=False
CHUNKS 524288/3541311 completed=False
CHUNKS 655360/3541311 completed=False
CHUNKS 786432/3541311 completed=False
CHUNKS 917504/3541311 completed=False
CHUNKS 1048576/3541311 completed=False
CHUNKS 1179648/3541311 completed=False
CHUNKS 1310720/3541311 completed=False
CHUNKS 1441792/3541311 completed=False
CHUNKS 1572864/3541311 completed=False
CHUNKS 1703936/3541311 completed=False
CHUNKS 1835008/3541311 completed=False
CHUNKS 1966080/3541311 completed=False
CHUNKS 2097152/3541311 completed=False
CHUNKS 2228224/3541311 completed=False
CHUNKS 2359296/3541311 completed=False
CHUNKS 2490368/3541311 completed=False
CHUNKS 2621440/3541311 completed=False
CHUNKS 2752512/3541311 completed=False
CHUNKS 2883584/3541311 completed=False
CHUNKS 3014656/3541311 completed=False
CHUNKS 3145728/3541311 completed=False
CHUNKS 3276800/3541311 completed=False
CHUNKS 3407872/3541311 completed=False
CHUNKS 3538944/3541311 completed=False
RECEIVED C:\Users\35552\Desktop\trae projects\insta\AcePro2-Handoff-0.7.1-20260922\runtime\received_batches\batch-hxespspo (1 frames)
CHUNKS 3541311/3541311 completed=True
ANALYZED C:\Users\35552\Desktop\trae projects\insta\AcePro2-Handoff-0.7.1-20260922\runtime\received_batches\batch-hxespspo
CHUNKS 131072/4762723 completed=False
CHUNKS 262144/4762723 completed=False
CHUNKS 393216/4762723 completed=False
CHUNKS 524288/4762723 completed=False
CHUNKS 655360/4762723 completed=False
CHUNKS 786432/4762723 completed=False
CHUNKS 917504/4762723 completed=False
CHUNKS 1048576/4762723 completed=False
CHUNKS 1179648/4762723 completed=False
CHUNKS 1310720/4762723 completed=False
CHUNKS 1441792/4762723 completed=False
CHUNKS 1572864/4762723 completed=False
CHUNKS 1703936/4762723 completed=False
CHUNKS 1835008/4762723 completed=False
CHUNKS 1966080/4762723 completed=False
CHUNKS 2097152/4762723 completed=False
CHUNKS 2228224/4762723 completed=False
CHUNKS 2359296/4762723 completed=False
CHUNKS 2490368/4762723 completed=False
CHUNKS 2621440/4762723 completed=False
CHUNKS 2752512/4762723 completed=False
CHUNKS 2883584/4762723 completed=False
CHUNKS 3014656/4762723 completed=False
CHUNKS 3145728/4762723 completed=False
CHUNKS 3276800/4762723 completed=False
CHUNKS 3407872/4762723 completed=False
CHUNKS 3538944/4762723 completed=False
CHUNKS 3670016/4762723 completed=False
CHUNKS 3801088/4762723 completed=False
CHUNKS 3932160/4762723 completed=False
CHUNKS 4063232/4762723 completed=False
CHUNKS 4194304/4762723 completed=False
CHUNKS 4325376/4762723 completed=False
CHUNKS 4456448/4762723 completed=False
CHUNKS 4587520/4762723 completed=False
CHUNKS 4718592/4762723 completed=False
RECEIVED C:\Users\35552\Desktop\trae projects\insta\AcePro2-Handoff-0.7.1-20260922\runtime\received_batches\batch-gtebmhqq (1 frames)
CHUNKS 4762723/4762723 completed=True
ANALYZED C:\Users\35552\Desktop\trae projects\insta\AcePro2-Handoff-0.7.1-20260922\runtime\received_batches\batch-gtebmhqq
CHUNKS 131072/4986836 completed=False
CHUNKS 262144/4986836 completed=False
CHUNKS 393216/4986836 completed=False
CHUNKS 524288/4986836 completed=False
CHUNKS 655360/4986836 completed=False
CHUNKS 786432/4986836 completed=False
CHUNKS 917504/4986836 completed=False
CHUNKS 1048576/4986836 completed=False
CHUNKS 1179648/4986836 completed=False
CHUNKS 1310720/4986836 completed=False
CHUNKS 1441792/4986836 completed=False
CHUNKS 1572864/4986836 completed=False
CHUNKS 1703936/4986836 completed=False
CHUNKS 1835008/4986836 completed=False
CHUNKS 1966080/4986836 completed=False
CHUNKS 2097152/4986836 completed=False
CHUNKS 2228224/4986836 completed=False
CHUNKS 2359296/4986836 completed=False
CHUNKS 2490368/4986836 completed=False
CHUNKS 2621440/4986836 completed=False
CHUNKS 2752512/4986836 completed=False
CHUNKS 2883584/4986836 completed=False
CHUNKS 3014656/4986836 completed=False
CHUNKS 3145728/4986836 completed=False
CHUNKS 3276800/4986836 completed=False
CHUNKS 3407872/4986836 completed=False
CHUNKS 3538944/4986836 completed=False
CHUNKS 3670016/4986836 completed=False
CHUNKS 3801088/4986836 completed=False
CHUNKS 3932160/4986836 completed=False
CHUNKS 4063232/4986836 completed=False
CHUNKS 4194304/4986836 completed=False
CHUNKS 4325376/4986836 completed=False
CHUNKS 4456448/4986836 completed=False
CHUNKS 4587520/4986836 completed=False
CHUNKS 4718592/4986836 completed=False
CHUNKS 4849664/4986836 completed=False
CHUNKS 4980736/4986836 completed=False
RECEIVED C:\Users\35552\Desktop\trae projects\insta\AcePro2-Handoff-0.7.1-20260922\runtime\received_batches\batch-xmtpiysb (1 frames)
CHUNKS 4986836/4986836 completed=True
ANALYZED C:\Users\35552\Desktop\trae projects\insta\AcePro2-Handoff-0.7.1-20260922\runtime\received_batches\batch-xmtpiysb
RECEIVED C:\Users\35552\Desktop\trae projects\insta\AcePro2-Handoff-0.7.1-20260922\runtime\received_batches\batch-1qeohj2h (1 frames)
CHUNKS 1586309/1586309 completed=True
ANALYZED C:\Users\35552\Desktop\trae projects\insta\AcePro2-Handoff-0.7.1-20260922\runtime\received_batches\batch-1qeohj2h
CHUNKS 131072/623330 completed=False
CHUNKS 262144/623330 completed=False
CHUNKS 393216/623330 completed=False
CHUNKS 524288/623330 completed=False
RECEIVED C:\Users\35552\Desktop\trae projects\insta\AcePro2-Handoff-0.7.1-20260922\runtime\received_batches\batch-rn4_894r (10 frames)
CHUNKS 623330/623330 completed=True
CHUNKS 131072/649669 completed=False
CHUNKS 262144/649669 completed=False
CHUNKS 393216/649669 completed=False
CHUNKS 524288/649669 completed=False
RECEIVED C:\Users\35552\Desktop\trae projects\insta\AcePro2-Handoff-0.7.1-20260922\runtime\received_batches\batch-b_ear2pn (10 frames)
CHUNKS 649669/649669 completed=True
ANALYZED C:\Users\35552\Desktop\trae projects\insta\AcePro2-Handoff-0.7.1-20260922\runtime\received_batches\batch-rn4_894r
ANALYZED C:\Users\35552\Desktop\trae projects\insta\AcePro2-Handoff-0.7.1-20260922\runtime\received_batches\batch-b_ear2pn
CHUNKS 131072/551620 completed=False
CHUNKS 262144/551620 completed=False
CHUNKS 393216/551620 completed=False
CHUNKS 524288/551620 completed=False
RECEIVED C:\Users\35552\Desktop\trae projects\insta\AcePro2-Handoff-0.7.1-20260922\runtime\received_batches\batch-5fc2_5go (10 frames)
CHUNKS 551620/551620 completed=True
CHUNKS 131072/598656 completed=False
CHUNKS 262144/598656 completed=False
CHUNKS 393216/598656 completed=False
CHUNKS 524288/598656 completed=False
RECEIVED C:\Users\35552\Desktop\trae projects\insta\AcePro2-Handoff-0.7.1-20260922\runtime\received_batches\batch-sardtoie (10 frames)
CHUNKS 598656/598656 completed=True
ANALYZED C:\Users\35552\Desktop\trae projects\insta\AcePro2-Handoff-0.7.1-20260922\runtime\received_batches\batch-5fc2_5go
ANALYZED C:\Users\35552\Desktop\trae projects\insta\AcePro2-Handoff-0.7.1-20260922\runtime\received_batches\batch-sardtoie
CHUNKS 131072/627837 completed=False
CHUNKS 262144/627837 completed=False
CHUNKS 393216/627837 completed=False
CHUNKS 524288/627837 completed=False
RECEIVED C:\Users\35552\Desktop\trae projects\insta\AcePro2-Handoff-0.7.1-20260922\runtime\received_batches\batch-qrsaewlh (10 frames)
CHUNKS 627837/627837 completed=True
ANALYZED C:\Users\35552\Desktop\trae projects\insta\AcePro2-Handoff-0.7.1-20260922\runtime\received_batches\batch-qrsaewlh
